Microchip MPLAB XC8 Compiler V2.30

Linker command line:

-W-3 --edf=C:\Program Files\Microchip\xc8\v2.30\pic\dat\en_msgs.txt -cn \
  -h+dist/default/production\FinalProject.X.production.sym \
  --cmf=dist/default/production\FinalProject.X.production.cmf -z -Q18F4520 \
  -oC:\Users\o_0\AppData\Local\Temp\sdkx2 --defsym=__MPLAB_BUILD=1 \
  -Mdist/default/production/FinalProject.X.production.map -E1 \
  -ver=XC8 Compiler --acfsm=1493 -ASTACK=080h-05FFh -pstack=STACK \
  -ACODE=00h-07FFFh -ACONST=00h-07FFFh -ASMALLCONST=0600h-06FFhx122 \
  -AMEDIUMCONST=0600h-07FFFh -ACOMRAM=01h-07Fh -AABS1=00h-05FFh \
  -ABIGRAM=01h-05FFh -ARAM=080h-0FFh,0100h-01FFhx5 -ABANK0=080h-0FFh \
  -ABANK1=0100h-01FFh -ABANK2=0200h-02FFh -ABANK3=0300h-03FFh \
  -ABANK4=0400h-04FFh -ABANK5=0500h-05FFh -ASFR=0F80h-0FFFh \
  -ACONFIG=0300000h-030000Dh -AIDLOC=0200000h-0200007h \
  -AEEDATA=0F00000h-0F000FFh -peeprom_data=EEDATA \
  -preset_vec=00h,intcode=08h,intcodelo=018h,powerup,init -pramtop=0600h \
  -psmallconst=SMALLCONST -pmediumconst=MEDIUMCONST -pconst=CONST \
  -AFARRAM=00h-00h \
  -prdata=COMRAM,nvrram=COMRAM,nvbit=COMRAM,rbss=COMRAM,rbit=COMRAM \
  -pfarbss=FARRAM,fardata=FARRAM,nvFARRAM=FARRAM \
  -pintsave_regs=BIGRAM,bigbss=BIGRAM,bigdata=BIGRAM -pbss=RAM \
  -pidata=CODE,irdata=CODE,ibigdata=CODE,ifardata=CODE -prparam=COMRAM \
  C:\Users\o_0\AppData\Local\Temp\sdkx8.o \
  dist/default/production\FinalProject.X.production.o 

Object code version is 3.11

Machine type is 18F4520



                Name                               Link     Load   Length Selector   Space Scale
C:\Users\o_0\AppData\Local\Temp\sdkx8.o
                idloc                            200000   200000        8        0       5
                config                           300000   300000        E        0       4
                init                                 EC       EC        4        C       0
                reset_vec                             0        0        4        0       0
dist/default/production\FinalProject.X.production.o
                intcodelo                            18       18       D4        C       0
                intcode                               8        8        6        4       0
                idloc                            200000   200000        8        0       5
                config                           300000   300000        E        0       4
                temp                                 31       31        1        1       1
                intcode_body                        94E      94E       8E        C       0
                text11                              AEA      AEA       2C        C       0
                text10                              B4A      B4A       1A        C       0
                text9                               B30      B30       1A        C       0
                text8                               A50      A50       38        C       0
                text7                                F0       F0      85E        C       0
                text6                               A16      A16       3A        C       0
                text4                               ABE      ABE       2C        C       0
                text3                               B16      B16       1A        C       0
                text2                               9DC      9DC       3A        C       0
                text1                               A88      A88       36        C       0
                text0                               B7A      B7A       14        C       0
                cstackCOMRAM                         19       19       18        1       1
                bssCOMRAM                             1        1       18        1       1
                cinit                               B64      B64       16        C       0

TOTAL           Name                               Link     Load   Length     Space
        CLASS   STACK          

        CLASS   CODE           
                intcodelo                            18       18       D4         0
                intcode                               8        8        6         0
                init                                 EC       EC        4         0
                reset_vec                             0        0        4         0
                intcode_body                        94E      94E       8E         0
                text11                              AEA      AEA       2C         0
                text10                              B4A      B4A       1A         0
                text9                               B30      B30       1A         0
                text8                               A50      A50       38         0
                text7                                F0       F0      85E         0
                text6                               A16      A16       3A         0
                text4                               ABE      ABE       2C         0
                text3                               B16      B16       1A         0
                text2                               9DC      9DC       3A         0
                text1                               A88      A88       36         0
                text0                               B7A      B7A       14         0
                cinit                               B64      B64       16         0

        CLASS   CONST          

        CLASS   SMALLCONST     

        CLASS   MEDIUMCONST    

        CLASS   COMRAM         
                temp                                 31       31        1         1
                cstackCOMRAM                         19       19       18         1
                bssCOMRAM                             1        1       18         1

        CLASS   ABS1           

        CLASS   BIGRAM         

        CLASS   RAM            

        CLASS   BANK0          

        CLASS   BANK1          

        CLASS   BANK2          

        CLASS   BANK3          

        CLASS   BANK4          

        CLASS   BANK5          

        CLASS   SFR            

        CLASS   CONFIG         
                config                           300000   300000        E         4

        CLASS   IDLOC          
                idloc                            200000   200000        8         5

        CLASS   EEDATA         

        CLASS   FARRAM         



SEGMENTS        Name                           Load    Length   Top    Selector   Space  Class

                reset_vec                      000000  000004  000004         0       0  CODE    
                bssCOMRAM                      000001  000031  000032         1       1  COMRAM  
                intcode                        000008  000006  00000E         4       0  CODE    
                intcodelo                      000018  000B76  000B8E         C       0  CODE    


UNUSED ADDRESS RANGES

        Name                Unused          Largest block    Delta
        BANK0            000080-0000FF               80
        BANK1            000100-0001FF              100
        BANK2            000200-0002FF              100
        BANK3            000300-0003FF              100
        BANK4            000400-0004FF              100
        BANK5            000500-0005FF              100
        BIGRAM           000032-0005FF              5CE
        CODE             000004-000007                4
                         00000E-000017                A
                         000B8E-007FFF             7472
        COMRAM           000032-00007F               4E
        CONST            000004-000007                4
                         00000E-000017                A
                         000B8E-007FFF             7472
        EEDATA           F00000-F000FF              100
        MEDIUMCONST      000B8E-007FFF             7472
        RAM              000080-0005FF              100
        SFR              000F80-000FFF               80
        SMALLCONST       000B8E-007FFF              100
        STACK            000080-0005FF              580

                                  Symbol Table

LCD_cmd@value            cstackCOMRAM 000030
LCD_data@value           cstackCOMRAM 00001F
LCD_send@addr            cstackCOMRAM 000022
LCD_send@str             cstackCOMRAM 000020
Lo_ISR@i                 cstackCOMRAM 00002A
_ADCON1                  (abs)        000FC1
_Hi_ISR                  intcode      000008
_INTCON3bits             (abs)        000FF0
_INTCONbits              (abs)        000FF2
_LATA                    (abs)        000F89
_LATB                    (abs)        000F8A
_LCD_cmd                 text3        000B16
_LCD_data                text10       000B4A
_LCD_init                text2        0009DC
_LCD_send                text8        000A50
_Lo_ISR                  intcodelo    000018
_PORTB                   (abs)        000F81
_PORTCbits               (abs)        000F82
_PORTD                   (abs)        000F83
_RCONbits                (abs)        000FD0
_T0CON                   (abs)        000FD5
_TMR0L                   (abs)        000FD6
_TRISA                   (abs)        000F92
_TRISBbits               (abs)        000F93
_TRISC                   (abs)        000F94
_TRISD                   (abs)        000F95
__HRAM                   (abs)        000000
__Habs1                  abs1         000000
__Hbank0                 bank0        000000
__Hbank1                 bank1        000000
__Hbank2                 bank2        000000
__Hbank3                 bank3        000000
__Hbank4                 bank4        000000
__Hbank5                 bank5        000000
__Hbigbss                bigbss       000000
__Hbigdata               bigdata      000000
__Hbigram                bigram       000000
__Hbss                   bss          000000
__HbssCOMRAM             bssCOMRAM    000000
__Hcinit                 cinit        000000
__Hclrtext               clrtext      000000
__Hcomram                comram       000000
__Hconfig                config       30000E
__Hconst                 const        000000
__HcstackCOMRAM          cstackCOMRAM 000000
__Hdata                  data         000000
__Heeprom_data           eeprom_data  000000
__Hfarbss                farbss       000000
__Hfardata               fardata      000000
__Hibigdata              ibigdata     000000
__Hidata                 idata        000000
__Hidloc                 idloc        200008
__Hifardata              ifardata     000000
__Hinit                  init         0000F0
__Hintcode               intcode      00000E
__Hintcode_body          intcode_body 000000
__Hintcodelo             intcodelo    0000EC
__Hintentry              intentry     000000
__Hintret                intret       000000
__Hintsave_regs          intsave_regs 000000
__Hirdata                irdata       000000
__Hmediumconst           mediumconst  000000
__HnvFARRAM              nvFARRAM     000000
__Hnvbit                 nvbit        000000
__Hnvrram                nvrram       000000
__Hparam                 rparam       000000
__Hpowerup               powerup      0000EC
__Hram                   ram          000000
__Hramtop                ramtop       000600
__Hrbit                  rbit         000000
__Hrbss                  rbss         000000
__Hrdata                 rdata        000000
__Hreset_vec             reset_vec    000004
__Hrparam                rparam       000000
__Hsfr                   sfr          000000
__Hsmallconst            smallconst   000000
__Hspace_0               (abs)        000B8E
__Hspace_1               (abs)        000032
__Hspace_2               (abs)        000000
__Hspace_4               (abs)        60000E
__Hstack                 stack        000000
__Hstruct                struct       000000
__Htemp                  temp         000032
__Htext                  text         000000
__Htext0                 text0        000000
__Htext1                 text1        000000
__Htext10                text10       000000
__Htext11                text11       000000
__Htext2                 text2        000000
__Htext3                 text3        000000
__Htext4                 text4        000000
__Htext6                 text6        000000
__Htext7                 text7        000000
__Htext8                 text8        000000
__Htext9                 text9        000000
__LRAM                   (abs)        000001
__Labs1                  abs1         000000
__Lbank0                 bank0        000000
__Lbank1                 bank1        000000
__Lbank2                 bank2        000000
__Lbank3                 bank3        000000
__Lbank4                 bank4        000000
__Lbank5                 bank5        000000
__Lbigbss                bigbss       000000
__Lbigdata               bigdata      000000
__Lbigram                bigram       000000
__Lbss                   bss          000000
__LbssCOMRAM             bssCOMRAM    000000
__Lcinit                 cinit        000000
__Lclrtext               clrtext      000000
__Lcomram                comram       000000
__Lconfig                config       000000
__Lconst                 const        000000
__LcstackCOMRAM          cstackCOMRAM 000000
__Ldata                  data         000000
__Leeprom_data           eeprom_data  000000
__Lfarbss                farbss       000000
__Lfardata               fardata      000000
__Libigdata              ibigdata     000000
__Lidata                 idata        000000
__Lidloc                 idloc        000000
__Lifardata              ifardata     000000
__Linit                  init         0000EC
__Lintcode               intcode      000008
__Lintcode_body          intcode_body 000000
__Lintcodelo             intcodelo    000018
__Lintentry              intentry     000000
__Lintret                intret       000000
__Lintsave_regs          intsave_regs 000000
__Lirdata                irdata       000000
__Lmediumconst           mediumconst  000000
__LnvFARRAM              nvFARRAM     000000
__Lnvbit                 nvbit        000000
__Lnvrram                nvrram       000000
__Lparam                 rparam       000000
__Lpowerup               powerup      0000EC
__Lram                   ram          000000
__Lramtop                ramtop       000600
__Lrbit                  rbit         000000
__Lrbss                  rbss         000000
__Lrdata                 rdata        000000
__Lreset_vec             reset_vec    000000
__Lrparam                rparam       000000
__Lsfr                   sfr          000000
__Lsmallconst            smallconst   000000
__Lspace_0               (abs)        000000
__Lspace_1               (abs)        000000
__Lspace_2               (abs)        000000
__Lspace_4               (abs)        000000
__Lstack                 stack        000000
__Lstruct                struct       000000
__Ltemp                  temp         000031
__Ltext                  text         000000
__Ltext0                 text0        000000
__Ltext1                 text1        000000
__Ltext10                text10       000000
__Ltext11                text11       000000
__Ltext2                 text2        000000
__Ltext3                 text3        000000
__Ltext4                 text4        000000
__Ltext6                 text6        000000
__Ltext7                 text7        000000
__Ltext8                 text8        000000
__Ltext9                 text9        000000
__S0                     (abs)        000B8E
__S1                     (abs)        000032
__S2                     (abs)        000000
__S4                     (abs)        000000
__S5                     (abs)        000000
___inthi_sp              stack        000000
___intlo_sp              stack        000000
___param_bank            (abs)        000000
___rparam_used           (abs)        000001
___sp                    stack        000000
__accesstop              (abs)        000080
__activetblptr           (abs)        000000
__end_of_Hi_ISR          intcode_body 0009DC
__end_of_LCD_cmd         text3        000B30
__end_of_LCD_data        text10       000B64
__end_of_LCD_init        text2        000A16
__end_of_LCD_send        text8        000A88
__end_of_Lo_ISR          intcodelo    0000EC
__end_of__initialization cinit        000B70
__end_of_delay_us        text4        000AEA
__end_of_init            text1        000ABE
__end_of_main            text0        000B8E
__end_of_trans           text7        00094E
__end_ofi1_LCD_cmd       text9        000B4A
__end_ofi1_LCD_init      text6        000A50
__end_ofi1_delay_us      text11       000B16
__initialization         cinit        000B64
__mediumconst            mediumconst  000000
__pbssCOMRAM             bssCOMRAM    000001
__pcinit                 cinit        000B64
__pcstackCOMRAM          cstackCOMRAM 000019
__pintcode               intcode      000008
__pintcode_body          intcode_body 00094E
__pintcodelo             intcodelo    000018
__ptext0                 text0        000B7A
__ptext1                 text1        000A88
__ptext10                text10       000B4A
__ptext11                text11       000AEA
__ptext2                 text2        0009DC
__ptext3                 text3        000B16
__ptext4                 text4        000ABE
__ptext6                 text6        000A16
__ptext7                 text7        0000F0
__ptext8                 text8        000A50
__ptext9                 text9        000B30
__ramtop                 ramtop       000600
__size_of_Hi_ISR         (abs)        000000
__size_of_LCD_cmd        (abs)        000000
__size_of_LCD_data       (abs)        000000
__size_of_LCD_init       (abs)        000000
__size_of_LCD_send       (abs)        000000
__size_of_Lo_ISR         (abs)        000000
__size_of_delay_us       (abs)        000000
__size_of_init           (abs)        000000
__size_of_main           (abs)        000000
__size_of_trans          (abs)        000000
__size_ofi1_LCD_cmd      (abs)        000000
__size_ofi1_LCD_init     (abs)        000000
__size_ofi1_delay_us     (abs)        000000
__smallconst             smallconst   000000
_delay_us                text4        000ABE
_init                    text1        000A88
_lenth                   bssCOMRAM    000005
_main                    text0        000B7A
_num                     bssCOMRAM    000007
_out                     bssCOMRAM    000003
_pos                     bssCOMRAM    000001
_str                     bssCOMRAM    000009
_trans                   text7        0000F0
btemp                    temp         000031
delay_us@value           cstackCOMRAM 00002C
end_of_initialization    cinit        000B70
i1LCD_cmd@value          cstackCOMRAM 00001F
i1_LCD_cmd               text9        000B30
i1_LCD_init              text6        000A16
i1_delay_us              text11       000AEA
i1delay_us@value         cstackCOMRAM 00001B
int$flags                temp         000031
int_func                 intcode_body 00094E
intlevel0                text         000000
intlevel1                text         000000
intlevel2                text         000000
intlevel3                text         000000
stackhi                  (abs)        0005FF
stacklo                  (abs)        000080
start                    init         0000EC
start_initialization     cinit        000B64
ttemp5                   temp         000032
ttemp6                   temp         000035
ttemp7                   temp         000039
wtemp8                   temp         000032


FUNCTION INFORMATION:

 *************** function _main *****************
 Defined at:
		line 123 in file "main.c"
 Parameters:    Size  Location     Type
		None
 Auto vars:     Size  Location     Type
		None
 Return value:  Size  Location     Type
                  2   56[None  ] int 
 Registers used:
		wreg, status,2, status,0, cstack
 Tracked objects:
		On entry : 
		On exit  : 
		Unchanged: 
 Data sizes:     COMRAM   BANK0   BANK1   BANK2   BANK3   BANK4   BANK5
      Params:         0       0       0       0       0       0       0
      Locals:         0       0       0       0       0       0       0
      Temps:          0       0       0       0       0       0       0
      Totals:         0       0       0       0       0       0       0
Total ram usage:        0 bytes
 Hardware stack levels required when called:    9
 This function calls:
		_init
 This function is called by:
		Startup code after reset
 This function uses a non-reentrant model


 *************** function _init *****************
 Defined at:
		line 180 in file "main.c"
 Parameters:    Size  Location     Type
		None
 Auto vars:     Size  Location     Type
		None
 Return value:  Size  Location     Type
                  1    wreg      void 
 Registers used:
		wreg, status,2, status,0, cstack
 Tracked objects:
		On entry : 
		On exit  : 
		Unchanged: 
 Data sizes:     COMRAM   BANK0   BANK1   BANK2   BANK3   BANK4   BANK5
      Params:         0       0       0       0       0       0       0
      Locals:         0       0       0       0       0       0       0
      Temps:          0       0       0       0       0       0       0
      Totals:         0       0       0       0       0       0       0
Total ram usage:        0 bytes
 Hardware stack levels used:    1
 Hardware stack levels required when called:    8
 This function calls:
		_LCD_init
 This function is called by:
		_main
 This function uses a non-reentrant model


 *************** function _LCD_init *****************
 Defined at:
		line 211 in file "main.c"
 Parameters:    Size  Location     Type
		None
 Auto vars:     Size  Location     Type
		None
 Return value:  Size  Location     Type
                  1    wreg      void 
 Registers used:
		wreg, status,2, status,0, cstack
 Tracked objects:
		On entry : 
		On exit  : 
		Unchanged: 
 Data sizes:     COMRAM   BANK0   BANK1   BANK2   BANK3   BANK4   BANK5
      Params:         0       0       0       0       0       0       0
      Locals:         0       0       0       0       0       0       0
      Temps:          0       0       0       0       0       0       0
      Totals:         0       0       0       0       0       0       0
Total ram usage:        0 bytes
 Hardware stack levels used:    1
 Hardware stack levels required when called:    7
 This function calls:
		_LCD_cmd
		_delay_us
 This function is called by:
		_init
 This function uses a non-reentrant model


 *************** function _LCD_cmd *****************
 Defined at:
		line 232 in file "main.c"
 Parameters:    Size  Location     Type
  value           1    wreg     unsigned char 
 Auto vars:     Size  Location     Type
  value           1   23[COMRAM] unsigned char 
 Return value:  Size  Location     Type
                  1    wreg      void 
 Registers used:
		wreg, status,2, status,0, cstack
 Tracked objects:
		On entry : 
		On exit  : 
		Unchanged: 
 Data sizes:     COMRAM   BANK0   BANK1   BANK2   BANK3   BANK4   BANK5
      Params:         0       0       0       0       0       0       0
      Locals:         1       0       0       0       0       0       0
      Temps:          0       0       0       0       0       0       0
      Totals:         1       0       0       0       0       0       0
Total ram usage:        1 bytes
 Hardware stack levels used:    1
 Hardware stack levels required when called:    6
 This function calls:
		_delay_us
 This function is called by:
		_LCD_init
 This function uses a non-reentrant model


 *************** function _delay_us *****************
 Defined at:
		line 204 in file "main.c"
 Parameters:    Size  Location     Type
  value           2   19[COMRAM] int 
 Auto vars:     Size  Location     Type
		None
 Return value:  Size  Location     Type
                  1    wreg      void 
 Registers used:
		wreg, status,2, status,0
 Tracked objects:
		On entry : 
		On exit  : 
		Unchanged: 
 Data sizes:     COMRAM   BANK0   BANK1   BANK2   BANK3   BANK4   BANK5
      Params:         2       0       0       0       0       0       0
      Locals:         0       0       0       0       0       0       0
      Temps:          2       0       0       0       0       0       0
      Totals:         4       0       0       0       0       0       0
Total ram usage:        4 bytes
 Hardware stack levels used:    1
 Hardware stack levels required when called:    5
 This function calls:
		Nothing
 This function is called by:
		_LCD_init
		_LCD_cmd
 This function uses a non-reentrant model


 *************** function _Lo_ISR *****************
 Defined at:
		line 153 in file "main.c"
 Parameters:    Size  Location     Type
		None
 Auto vars:     Size  Location     Type
  i               2   17[COMRAM] int 
 Return value:  Size  Location     Type
                  1    wreg      void 
 Registers used:
		wreg, fsr2l, fsr2h, status,2, status,0, cstack
 Tracked objects:
		On entry : 
		On exit  : 
		Unchanged: 
 Data sizes:     COMRAM   BANK0   BANK1   BANK2   BANK3   BANK4   BANK5
      Params:         0       0       0       0       0       0       0
      Locals:         2       0       0       0       0       0       0
      Temps:          7       0       0       0       0       0       0
      Totals:         9       0       0       0       0       0       0
Total ram usage:        9 bytes
 Hardware stack levels used:    1
 Hardware stack levels required when called:    4
 This function calls:
		_LCD_send
		_trans
		i1_LCD_init
 This function is called by:
		Interrupt level 1
 This function uses a non-reentrant model


 *************** function i1_LCD_init *****************
 Defined at:
		line 211 in file "main.c"
 Parameters:    Size  Location     Type
		None
 Auto vars:     Size  Location     Type
		None
 Return value:  Size  Location     Type
                  1    wreg      void 
 Registers used:
		wreg, status,2, status,0, cstack
 Tracked objects:
		On entry : 
		On exit  : 
		Unchanged: 
 Data sizes:     COMRAM   BANK0   BANK1   BANK2   BANK3   BANK4   BANK5
      Params:         0       0       0       0       0       0       0
      Locals:         0       0       0       0       0       0       0
      Temps:          0       0       0       0       0       0       0
      Totals:         0       0       0       0       0       0       0
Total ram usage:        0 bytes
 Hardware stack levels used:    1
 Hardware stack levels required when called:    3
 This function calls:
		i1_LCD_cmd
		i1_delay_us
 This function is called by:
		_Lo_ISR
 This function uses a non-reentrant model


 *************** function _trans *****************
 Defined at:
		line 251 in file "main.c"
 Parameters:    Size  Location     Type
		None
 Auto vars:     Size  Location     Type
		None
 Return value:  Size  Location     Type
                  1    wreg      void 
 Registers used:
		wreg, fsr2l, fsr2h, status,2, status,0
 Tracked objects:
		On entry : 
		On exit  : 
		Unchanged: 
 Data sizes:     COMRAM   BANK0   BANK1   BANK2   BANK3   BANK4   BANK5
      Params:         0       0       0       0       0       0       0
      Locals:         0       0       0       0       0       0       0
      Temps:          0       0       0       0       0       0       0
      Totals:         0       0       0       0       0       0       0
Total ram usage:        0 bytes
 Hardware stack levels used:    1
 Hardware stack levels required when called:    1
 This function calls:
		Nothing
 This function is called by:
		_Lo_ISR
 This function uses a non-reentrant model


 *************** function _LCD_send *****************
 Defined at:
		line 241 in file "main.c"
 Parameters:    Size  Location     Type
  addr            1    wreg     const unsigned char 
  str             2    7[COMRAM] PTR const unsigned char 
		 -> str(16), 
 Auto vars:     Size  Location     Type
  addr            1    9[COMRAM] const unsigned char 
 Return value:  Size  Location     Type
                  1    wreg      void 
 Registers used:
		wreg, fsr2l, fsr2h, status,2, status,0, cstack
 Tracked objects:
		On entry : 
		On exit  : 
		Unchanged: 
 Data sizes:     COMRAM   BANK0   BANK1   BANK2   BANK3   BANK4   BANK5
      Params:         2       0       0       0       0       0       0
      Locals:         1       0       0       0       0       0       0
      Temps:          0       0       0       0       0       0       0
      Totals:         3       0       0       0       0       0       0
Total ram usage:        3 bytes
 Hardware stack levels used:    1
 Hardware stack levels required when called:    3
 This function calls:
		_LCD_data
		i1_LCD_cmd
 This function is called by:
		_Lo_ISR
 This function uses a non-reentrant model


 *************** function i1_LCD_cmd *****************
 Defined at:
		line 232 in file "main.c"
 Parameters:    Size  Location     Type
  value           1    wreg     unsigned char 
 Auto vars:     Size  Location     Type
  value           1    6[COMRAM] unsigned char 
 Return value:  Size  Location     Type
                  1    wreg      void 
 Registers used:
		wreg, status,2, status,0, cstack
 Tracked objects:
		On entry : 
		On exit  : 
		Unchanged: 
 Data sizes:     COMRAM   BANK0   BANK1   BANK2   BANK3   BANK4   BANK5
      Params:         0       0       0       0       0       0       0
      Locals:         1       0       0       0       0       0       0
      Temps:          0       0       0       0       0       0       0
      Totals:         1       0       0       0       0       0       0
Total ram usage:        1 bytes
 Hardware stack levels used:    1
 Hardware stack levels required when called:    2
 This function calls:
		i1_delay_us
 This function is called by:
		_LCD_send
		i1_LCD_init
 This function uses a non-reentrant model


 *************** function _LCD_data *****************
 Defined at:
		line 223 in file "main.c"
 Parameters:    Size  Location     Type
  value           1    wreg     unsigned char 
 Auto vars:     Size  Location     Type
  value           1    6[COMRAM] unsigned char 
 Return value:  Size  Location     Type
                  1    wreg      void 
 Registers used:
		wreg, status,2, status,0, cstack
 Tracked objects:
		On entry : 
		On exit  : 
		Unchanged: 
 Data sizes:     COMRAM   BANK0   BANK1   BANK2   BANK3   BANK4   BANK5
      Params:         0       0       0       0       0       0       0
      Locals:         1       0       0       0       0       0       0
      Temps:          0       0       0       0       0       0       0
      Totals:         1       0       0       0       0       0       0
Total ram usage:        1 bytes
 Hardware stack levels used:    1
 Hardware stack levels required when called:    2
 This function calls:
		i1_delay_us
 This function is called by:
		_LCD_send
 This function uses a non-reentrant model


 *************** function i1_delay_us *****************
 Defined at:
		line 204 in file "main.c"
 Parameters:    Size  Location     Type
  value           2    2[COMRAM] int 
 Auto vars:     Size  Location     Type
		None
 Return value:  Size  Location     Type
                  1    wreg      void 
 Registers used:
		wreg, status,2, status,0
 Tracked objects:
		On entry : 
		On exit  : 
		Unchanged: 
 Data sizes:     COMRAM   BANK0   BANK1   BANK2   BANK3   BANK4   BANK5
      Params:         2       0       0       0       0       0       0
      Locals:         0       0       0       0       0       0       0
      Temps:          2       0       0       0       0       0       0
      Totals:         4       0       0       0       0       0       0
Total ram usage:        4 bytes
 Hardware stack levels used:    1
 Hardware stack levels required when called:    1
 This function calls:
		Nothing
 This function is called by:
		_LCD_data
		i1_LCD_init
		i1_LCD_cmd
 This function uses a non-reentrant model


 *************** function _Hi_ISR *****************
 Defined at:
		line 131 in file "main.c"
 Parameters:    Size  Location     Type
		None
 Auto vars:     Size  Location     Type
		None
 Return value:  Size  Location     Type
                  1    wreg      void 
 Registers used:
		wreg, status,2, status,0
 Tracked objects:
		On entry : 
		On exit  : 
		Unchanged: 
 Data sizes:     COMRAM   BANK0   BANK1   BANK2   BANK3   BANK4   BANK5
      Params:         0       0       0       0       0       0       0
      Locals:         0       0       0       0       0       0       0
      Temps:          2       0       0       0       0       0       0
      Totals:         2       0       0       0       0       0       0
Total ram usage:        2 bytes
 Hardware stack levels used:    1
 This function calls:
		Nothing
 This function is called by:
		Interrupt level 2
 This function uses a non-reentrant model



MODULE INFORMATION

Module		Function		Class		Link	Load	Size
shared
		i1_LCD_cmd     		CODE           	0B30	0000	26
		i1_LCD_init    		CODE           	0A16	0000	58
		__initialization		CODE           	0B64	0000	12
		i1_delay_us    		CODE           	0AEA	0000	44

shared estimated size: 140

main.c
		_init          		CODE           	0A88	0000	54
		_Lo_ISR        		CODE           	0018	0000	212
		_trans         		CODE           	00F0	0000	2142
		_delay_us      		CODE           	0ABE	0000	44
		_main          		CODE           	0B7A	0000	20
		_LCD_init      		CODE           	09DC	0000	58
		_LCD_send      		CODE           	0A50	0000	56
		_LCD_cmd       		CODE           	0B16	0000	26
		_LCD_data      		CODE           	0B4A	0000	26
		_Hi_ISR        		CODE           	0008	0000	148

main.c estimated size: 2786

