Microchip MPLAB XC8 Compiler V2.30

Linker command line:

-W-3 --edf=C:\Program Files\Microchip\xc8\v2.30\pic\dat\en_msgs.txt -cn \
  -h+dist/default/debug\MicroChip.X.debug.sym \
  --cmf=dist/default/debug\MicroChip.X.debug.cmf -z -Q18F4520 \
  -oC:\Users\o_0\AppData\Local\Temp\sfucx3 --defsym=__MPLAB_BUILD=1 \
  -Mdist/default/debug/MicroChip.X.debug.map -E1 -ver=XC8 Compiler \
  --acfsm=1493 -ASTACK=080h-05F3h -pstack=STACK -ACODE=00h-07DBFh \
  -ACONST=00h-07DBFh -ASMALLCONST=0600h-06FFhx119,07D00h-07DBFh \
  -AMEDIUMCONST=0600h-07DBFh -ACOMRAM=01h-07Fh -AABS1=00h-05F3h \
  -ABIGRAM=01h-05F3h -ARAM=080h-0FFh,0100h-01FFhx4,0500h-05F3h \
  -ABANK0=080h-0FFh -ABANK1=0100h-01FFh -ABANK2=0200h-02FFh \
  -ABANK3=0300h-03FFh -ABANK4=0400h-04FFh -ABANK5=0500h-05F3h \
  -ASFR=0F80h-0F9Bh,0F9Dh-0FD3h,0FD5h-0FDAh,0FE0h-0FE2h,0FE8h-0FEAh,0FF0h-0FFCh \
  -ACONFIG=0300000h-030000Dh -AIDLOC=0200000h-0200007h \
  -AEEDATA=0F00000h-0F000FFh -peeprom_data=EEDATA \
  -preset_vec=00h,intcode=08h,intcodelo=018h,powerup,init -pramtop=0600h \
  -psmallconst=SMALLCONST -pmediumconst=MEDIUMCONST -pconst=CONST \
  -AFARRAM=00h-00h \
  -prdata=COMRAM,nvrram=COMRAM,nvbit=COMRAM,rbss=COMRAM,rbit=COMRAM \
  -pfarbss=FARRAM,fardata=FARRAM,nvFARRAM=FARRAM \
  -pintsave_regs=BIGRAM,bigbss=BIGRAM,bigdata=BIGRAM -pbss=RAM \
  -pidata=CODE,irdata=CODE,ibigdata=CODE,ifardata=CODE -prparam=COMRAM \
  C:\Users\o_0\AppData\Local\Temp\sfucx9.o \
  dist/default/debug\MicroChip.X.debug.o 

Object code version is 3.11

Machine type is 18F4520



                Name                               Link     Load   Length Selector   Space Scale
C:\Users\o_0\AppData\Local\Temp\sfucx9.o
                idloc                            200000   200000        8        0       5
                config                           300000   300000        E        0       4
                init                                114      114        4        C       0
                reset_vec                             0        0        4        0       0
dist/default/debug\MicroChip.X.debug.o
                intcodelo                            18       18       FC        C       0
                intcode                               8        8        6        4       0
                idloc                            200000   200000        8        0       5
                config                           300000   300000        E        0       4
                temp                                 39       39        1        1       1
                intcode_body                        A6C      A6C       9A        C       0
                text12                              C14      C14       2C        C       0
                text11                              C94      C94       1A        C       0
                text10                              C7A      C7A       1A        C       0
                text9                               B7A      B7A       38        C       0
                text8                               118      118      85E        C       0
                text7                               B40      B40       3A        C       0
                text5                               BE8      BE8       2C        C       0
                text4                               C60      C60       1A        C       0
                text3                               B06      B06       3A        C       0
                text2                               BB2      BB2       36        C       0
                text1                               C40      C40       20        C       0
                text0                               976      976       F6        C       0
                cstackCOMRAM                          1        1       1E        1       1
                bssCOMRAM                            1F       1F       1A        1       1
                cinit                               CAE      CAE       16        C       0

TOTAL           Name                               Link     Load   Length     Space
        CLASS   STACK          

        CLASS   CODE           
                intcodelo                            18       18       FC         0
                intcode                               8        8        6         0
                init                                114      114        4         0
                reset_vec                             0        0        4         0
                intcode_body                        A6C      A6C       9A         0
                text12                              C14      C14       2C         0
                text11                              C94      C94       1A         0
                text10                              C7A      C7A       1A         0
                text9                               B7A      B7A       38         0
                text8                               118      118      85E         0
                text7                               B40      B40       3A         0
                text5                               BE8      BE8       2C         0
                text4                               C60      C60       1A         0
                text3                               B06      B06       3A         0
                text2                               BB2      BB2       36         0
                text1                               C40      C40       20         0
                text0                               976      976       F6         0
                cinit                               CAE      CAE       16         0

        CLASS   CONST          

        CLASS   SMALLCONST     

        CLASS   MEDIUMCONST    

        CLASS   COMRAM         
                temp                                 39       39        1         1
                cstackCOMRAM                          1        1       1E         1
                bssCOMRAM                            1F       1F       1A         1

        CLASS   ABS1           

        CLASS   BIGRAM         

        CLASS   RAM            

        CLASS   BANK0          

        CLASS   BANK1          

        CLASS   BANK2          

        CLASS   BANK3          

        CLASS   BANK4          

        CLASS   BANK5          

        CLASS   SFR            

        CLASS   CONFIG         
                config                           300000   300000        E         4

        CLASS   IDLOC          
                idloc                            200000   200000        8         5

        CLASS   EEDATA         

        CLASS   FARRAM         



SEGMENTS        Name                           Load    Length   Top    Selector   Space  Class

                reset_vec                      000000  000004  000004         0       0  CODE    
                cstackCOMRAM                   000001  000039  00003A         1       1  COMRAM  
                intcode                        000008  000006  00000E         4       0  CODE    
                intcodelo                      000018  000CAC  000CC4         C       0  CODE    


UNUSED ADDRESS RANGES

        Name                Unused          Largest block    Delta
        BANK0            000080-0000FF               80
        BANK1            000100-0001FF              100
        BANK2            000200-0002FF              100
        BANK3            000300-0003FF              100
        BANK4            000400-0004FF              100
        BANK5            000500-0005F3               F4
        BIGRAM           00003A-0005F3              5BA
        CODE             000004-000007                4
                         00000E-000017                A
                         000CC4-007DBF             70FC
        COMRAM           00003A-00007F               46
        CONST            000004-000007                4
                         00000E-000017                A
                         000CC4-007DBF             70FC
        EEDATA           F00000-F000FF              100
        MEDIUMCONST      000CC4-007DBF             70FC
        RAM              000080-0005F3              100
        SFR              000F80-000F9B               1C
                         000F9D-000FD3               37
                         000FD5-000FDA                6
                         000FE0-000FE2                3
                         000FE8-000FEA                3
                         000FF0-000FFC                D
        SMALLCONST       000CC4-007DBF              100
        STACK            000080-0005F3              574

                                  Symbol Table

LCD_cmd@value            cstackCOMRAM 000018
LCD_data@value           cstackCOMRAM 000007
LCD_send@addr            cstackCOMRAM 00000A
LCD_send@str             cstackCOMRAM 000008
Lo_ISR@i                 cstackCOMRAM 000012
_ADCON1                  (abs)        000FC1
_CCP1CONbits             (abs)        000FBD
_CCPR1L                  (abs)        000FBE
_Hi_ISR                  intcode      000008
_INTCON3bits             (abs)        000FF0
_INTCONbits              (abs)        000FF2
_LATA                    (abs)        000F89
_LATB                    (abs)        000F8A
_LATCbits                (abs)        000F8B
_LCD_cmd                 text4        000C60
_LCD_data                text11       000C94
_LCD_init                text3        000B06
_LCD_send                text9        000B7A
_Lo_ISR                  intcodelo    000018
_PORTB                   (abs)        000F81
_PORTCbits               (abs)        000F82
_PORTD                   (abs)        000F83
_PR2                     (abs)        000FCB
_PWM_light               bssCOMRAM    00001F
_RCONbits                (abs)        000FD0
_T0CON                   (abs)        000FD5
_T2CON                   (abs)        000FCA
_TMR0L                   (abs)        000FD6
_TRISA                   (abs)        000F92
_TRISBbits               (abs)        000F93
_TRISC                   (abs)        000F94
_TRISD                   (abs)        000F95
__HRAM                   (abs)        000000
__Habs1                  abs1         000000
__Hbank0                 bank0        000000
__Hbank1                 bank1        000000
__Hbank2                 bank2        000000
__Hbank3                 bank3        000000
__Hbank4                 bank4        000000
__Hbank5                 bank5        000000
__Hbigbss                bigbss       000000
__Hbigdata               bigdata      000000
__Hbigram                bigram       000000
__Hbss                   bss          000000
__HbssCOMRAM             bssCOMRAM    000000
__Hcinit                 cinit        000000
__Hclrtext               clrtext      000000
__Hcomram                comram       000000
__Hconfig                config       30000E
__Hconst                 const        000000
__HcstackCOMRAM          cstackCOMRAM 000000
__Hdata                  data         000000
__Heeprom_data           eeprom_data  000000
__Hfarbss                farbss       000000
__Hfardata               fardata      000000
__Hibigdata              ibigdata     000000
__Hidata                 idata        000000
__Hidloc                 idloc        200008
__Hifardata              ifardata     000000
__Hinit                  init         000118
__Hintcode               intcode      00000E
__Hintcode_body          intcode_body 000000
__Hintcodelo             intcodelo    000114
__Hintentry              intentry     000000
__Hintret                intret       000000
__Hintsave_regs          intsave_regs 000000
__Hirdata                irdata       000000
__Hmediumconst           mediumconst  000000
__HnvFARRAM              nvFARRAM     000000
__Hnvbit                 nvbit        000000
__Hnvrram                nvrram       000000
__Hparam                 rparam       000000
__Hpowerup               powerup      000114
__Hram                   ram          000000
__Hramtop                ramtop       000600
__Hrbit                  rbit         000000
__Hrbss                  rbss         000000
__Hrdata                 rdata        000000
__Hreset_vec             reset_vec    000004
__Hrparam                rparam       000000
__Hsfr                   sfr          000000
__Hsmallconst            smallconst   000000
__Hspace_0               (abs)        000CC4
__Hspace_1               (abs)        00003A
__Hspace_2               (abs)        000000
__Hspace_4               (abs)        60000E
__Hstack                 stack        000000
__Hstruct                struct       000000
__Htemp                  temp         00003A
__Htext                  text         000000
__Htext0                 text0        000000
__Htext1                 text1        000000
__Htext10                text10       000000
__Htext11                text11       000000
__Htext12                text12       000000
__Htext2                 text2        000000
__Htext3                 text3        000000
__Htext4                 text4        000000
__Htext5                 text5        000000
__Htext7                 text7        000000
__Htext8                 text8        000000
__Htext9                 text9        000000
__LRAM                   (abs)        000001
__Labs1                  abs1         000000
__Lbank0                 bank0        000000
__Lbank1                 bank1        000000
__Lbank2                 bank2        000000
__Lbank3                 bank3        000000
__Lbank4                 bank4        000000
__Lbank5                 bank5        000000
__Lbigbss                bigbss       000000
__Lbigdata               bigdata      000000
__Lbigram                bigram       000000
__Lbss                   bss          000000
__LbssCOMRAM             bssCOMRAM    000000
__Lcinit                 cinit        000000
__Lclrtext               clrtext      000000
__Lcomram                comram       000000
__Lconfig                config       000000
__Lconst                 const        000000
__LcstackCOMRAM          cstackCOMRAM 000000
__Ldata                  data         000000
__Leeprom_data           eeprom_data  000000
__Lfarbss                farbss       000000
__Lfardata               fardata      000000
__Libigdata              ibigdata     000000
__Lidata                 idata        000000
__Lidloc                 idloc        000000
__Lifardata              ifardata     000000
__Linit                  init         000114
__Lintcode               intcode      000008
__Lintcode_body          intcode_body 000000
__Lintcodelo             intcodelo    000018
__Lintentry              intentry     000000
__Lintret                intret       000000
__Lintsave_regs          intsave_regs 000000
__Lirdata                irdata       000000
__Lmediumconst           mediumconst  000000
__LnvFARRAM              nvFARRAM     000000
__Lnvbit                 nvbit        000000
__Lnvrram                nvrram       000000
__Lparam                 rparam       000000
__Lpowerup               powerup      000114
__Lram                   ram          000000
__Lramtop                ramtop       000600
__Lrbit                  rbit         000000
__Lrbss                  rbss         000000
__Lrdata                 rdata        000000
__Lreset_vec             reset_vec    000000
__Lrparam                rparam       000000
__Lsfr                   sfr          000000
__Lsmallconst            smallconst   000000
__Lspace_0               (abs)        000000
__Lspace_1               (abs)        000000
__Lspace_2               (abs)        000000
__Lspace_4               (abs)        000000
__Lstack                 stack        000000
__Lstruct                struct       000000
__Ltemp                  temp         000039
__Ltext                  text         000000
__Ltext0                 text0        000000
__Ltext1                 text1        000000
__Ltext10                text10       000000
__Ltext11                text11       000000
__Ltext12                text12       000000
__Ltext2                 text2        000000
__Ltext3                 text3        000000
__Ltext4                 text4        000000
__Ltext5                 text5        000000
__Ltext7                 text7        000000
__Ltext8                 text8        000000
__Ltext9                 text9        000000
__S0                     (abs)        000CC4
__S1                     (abs)        00003A
__S2                     (abs)        000000
__S4                     (abs)        000000
__S5                     (abs)        000000
___inthi_sp              stack        000000
___intlo_sp              stack        000000
___param_bank            (abs)        000000
___rparam_used           (abs)        000001
___sp                    stack        000000
__accesstop              (abs)        000080
__activetblptr           (abs)        000000
__end_of_Hi_ISR          intcode_body 000B06
__end_of_LCD_cmd         text4        000C7A
__end_of_LCD_data        text11       000CAE
__end_of_LCD_init        text3        000B40
__end_of_LCD_send        text9        000BB2
__end_of_Lo_ISR          intcodelo    000114
__end_of__initialization cinit        000CBA
__end_of_delay_us        text5        000C14
__end_of_init            text2        000BE8
__end_of_main            text0        000A6C
__end_of_pwm             text1        000C60
__end_of_trans           text8        000976
__end_ofi1_LCD_cmd       text10       000C94
__end_ofi1_LCD_init      text7        000B7A
__end_ofi1_delay_us      text12       000C40
__initialization         cinit        000CAE
__mediumconst            mediumconst  000000
__pbssCOMRAM             bssCOMRAM    00001F
__pcinit                 cinit        000CAE
__pcstackCOMRAM          cstackCOMRAM 000001
__pintcode               intcode      000008
__pintcode_body          intcode_body 000A6C
__pintcodelo             intcodelo    000018
__ptext0                 text0        000976
__ptext1                 text1        000C40
__ptext10                text10       000C7A
__ptext11                text11       000C94
__ptext12                text12       000C14
__ptext2                 text2        000BB2
__ptext3                 text3        000B06
__ptext4                 text4        000C60
__ptext5                 text5        000BE8
__ptext7                 text7        000B40
__ptext8                 text8        000118
__ptext9                 text9        000B7A
__ramtop                 ramtop       000600
__size_of_Hi_ISR         (abs)        000000
__size_of_LCD_cmd        (abs)        000000
__size_of_LCD_data       (abs)        000000
__size_of_LCD_init       (abs)        000000
__size_of_LCD_send       (abs)        000000
__size_of_Lo_ISR         (abs)        000000
__size_of_delay_us       (abs)        000000
__size_of_init           (abs)        000000
__size_of_main           (abs)        000000
__size_of_pwm            (abs)        000000
__size_of_trans          (abs)        000000
__size_ofi1_LCD_cmd      (abs)        000000
__size_ofi1_LCD_init     (abs)        000000
__size_ofi1_delay_us     (abs)        000000
__smallconst             smallconst   000000
_delay_us                text5        000BE8
_init                    text2        000BB2
_lenth                   bssCOMRAM    000025
_main                    text0        000976
_num                     bssCOMRAM    000027
_out                     bssCOMRAM    000023
_pos                     bssCOMRAM    000021
_pwm                     text1        000C40
_str                     bssCOMRAM    000029
_trans                   text8        000118
btemp                    temp         000039
delay_us@value           cstackCOMRAM 000014
end_of_initialization    cinit        000CBA
i1LCD_cmd@value          cstackCOMRAM 000007
i1_LCD_cmd               text10       000C7A
i1_LCD_init              text7        000B40
i1_delay_us              text12       000C14
i1delay_us@value         cstackCOMRAM 000003
int$flags                temp         000039
int_func                 intcode_body 000A6C
intlevel0                text         000000
intlevel1                text         000000
intlevel2                text         000000
intlevel3                text         000000
main@d                   cstackCOMRAM 00001B
main@d_434               cstackCOMRAM 00001D
stackhi                  (abs)        0005F3
stacklo                  (abs)        000080
start                    init         000114
start_initialization     cinit        000CAE
ttemp5                   temp         00003A
ttemp6                   temp         00003D
ttemp7                   temp         000041
wtemp8                   temp         00003A


FUNCTION INFORMATION:

 *************** function _main *****************
 Defined at:
		line 87 in file "main.c"
 Parameters:    Size  Location     Type
		None
 Auto vars:     Size  Location     Type
  d               2   28[COMRAM] int 
  d               2   26[COMRAM] int 
 Return value:  Size  Location     Type
                  2   70[None  ] int 
 Registers used:
		wreg, status,2, status,0, cstack
 Tracked objects:
		On entry : 
		On exit  : 
		Unchanged: 
 Data sizes:     COMRAM   BANK0   BANK1   BANK2   BANK3   BANK4   BANK5
      Params:         0       0       0       0       0       0       0
      Locals:         4       0       0       0       0       0       0
      Temps:          2       0       0       0       0       0       0
      Totals:         6       0       0       0       0       0       0
Total ram usage:        6 bytes
 Hardware stack levels required when called:    9
 This function calls:
		_init
		_pwm
 This function is called by:
		Startup code after reset
 This function uses a non-reentrant model


 *************** function _pwm *****************
 Defined at:
		line 197 in file "main.c"
 Parameters:    Size  Location     Type
		None
 Auto vars:     Size  Location     Type
		None
 Return value:  Size  Location     Type
                  1    wreg      void 
 Registers used:
		wreg, status,2
 Tracked objects:
		On entry : 
		On exit  : 
		Unchanged: 
 Data sizes:     COMRAM   BANK0   BANK1   BANK2   BANK3   BANK4   BANK5
      Params:         0       0       0       0       0       0       0
      Locals:         0       0       0       0       0       0       0
      Temps:          0       0       0       0       0       0       0
      Totals:         0       0       0       0       0       0       0
Total ram usage:        0 bytes
 Hardware stack levels used:    1
 Hardware stack levels required when called:    5
 This function calls:
		Nothing
 This function is called by:
		_main
 This function uses a non-reentrant model


 *************** function _init *****************
 Defined at:
		line 173 in file "main.c"
 Parameters:    Size  Location     Type
		None
 Auto vars:     Size  Location     Type
		None
 Return value:  Size  Location     Type
                  1    wreg      void 
 Registers used:
		wreg, status,2, status,0, cstack
 Tracked objects:
		On entry : 
		On exit  : 
		Unchanged: 
 Data sizes:     COMRAM   BANK0   BANK1   BANK2   BANK3   BANK4   BANK5
      Params:         0       0       0       0       0       0       0
      Locals:         0       0       0       0       0       0       0
      Temps:          0       0       0       0       0       0       0
      Totals:         0       0       0       0       0       0       0
Total ram usage:        0 bytes
 Hardware stack levels used:    1
 Hardware stack levels required when called:    8
 This function calls:
		_LCD_init
 This function is called by:
		_main
 This function uses a non-reentrant model


 *************** function _LCD_init *****************
 Defined at:
		line 216 in file "main.c"
 Parameters:    Size  Location     Type
		None
 Auto vars:     Size  Location     Type
		None
 Return value:  Size  Location     Type
                  1    wreg      void 
 Registers used:
		wreg, status,2, status,0, cstack
 Tracked objects:
		On entry : 
		On exit  : 
		Unchanged: 
 Data sizes:     COMRAM   BANK0   BANK1   BANK2   BANK3   BANK4   BANK5
      Params:         0       0       0       0       0       0       0
      Locals:         0       0       0       0       0       0       0
      Temps:          0       0       0       0       0       0       0
      Totals:         0       0       0       0       0       0       0
Total ram usage:        0 bytes
 Hardware stack levels used:    1
 Hardware stack levels required when called:    7
 This function calls:
		_LCD_cmd
		_delay_us
 This function is called by:
		_init
 This function uses a non-reentrant model


 *************** function _LCD_cmd *****************
 Defined at:
		line 237 in file "main.c"
 Parameters:    Size  Location     Type
  value           1    wreg     unsigned char 
 Auto vars:     Size  Location     Type
  value           1   23[COMRAM] unsigned char 
 Return value:  Size  Location     Type
                  1    wreg      void 
 Registers used:
		wreg, status,2, status,0, cstack
 Tracked objects:
		On entry : 
		On exit  : 
		Unchanged: 
 Data sizes:     COMRAM   BANK0   BANK1   BANK2   BANK3   BANK4   BANK5
      Params:         0       0       0       0       0       0       0
      Locals:         1       0       0       0       0       0       0
      Temps:          0       0       0       0       0       0       0
      Totals:         1       0       0       0       0       0       0
Total ram usage:        1 bytes
 Hardware stack levels used:    1
 Hardware stack levels required when called:    6
 This function calls:
		_delay_us
 This function is called by:
		_LCD_init
 This function uses a non-reentrant model


 *************** function _delay_us *****************
 Defined at:
		line 208 in file "main.c"
 Parameters:    Size  Location     Type
  value           2   19[COMRAM] int 
 Auto vars:     Size  Location     Type
		None
 Return value:  Size  Location     Type
                  1    wreg      void 
 Registers used:
		wreg, status,2, status,0
 Tracked objects:
		On entry : 
		On exit  : 
		Unchanged: 
 Data sizes:     COMRAM   BANK0   BANK1   BANK2   BANK3   BANK4   BANK5
      Params:         2       0       0       0       0       0       0
      Locals:         0       0       0       0       0       0       0
      Temps:          2       0       0       0       0       0       0
      Totals:         4       0       0       0       0       0       0
Total ram usage:        4 bytes
 Hardware stack levels used:    1
 Hardware stack levels required when called:    5
 This function calls:
		Nothing
 This function is called by:
		_LCD_init
		_LCD_cmd
 This function uses a non-reentrant model


 *************** function _Lo_ISR *****************
 Defined at:
		line 140 in file "main.c"
 Parameters:    Size  Location     Type
		None
 Auto vars:     Size  Location     Type
  i               2   17[COMRAM] int 
 Return value:  Size  Location     Type
                  1    wreg      void 
 Registers used:
		wreg, fsr2l, fsr2h, status,2, status,0, cstack
 Tracked objects:
		On entry : 
		On exit  : 
		Unchanged: 
 Data sizes:     COMRAM   BANK0   BANK1   BANK2   BANK3   BANK4   BANK5
      Params:         0       0       0       0       0       0       0
      Locals:         2       0       0       0       0       0       0
      Temps:          7       0       0       0       0       0       0
      Totals:         9       0       0       0       0       0       0
Total ram usage:        9 bytes
 Hardware stack levels used:    1
 Hardware stack levels required when called:    4
 This function calls:
		_LCD_send
		_trans
		i1_LCD_init
 This function is called by:
		Interrupt level 1
 This function uses a non-reentrant model


 *************** function i1_LCD_init *****************
 Defined at:
		line 216 in file "main.c"
 Parameters:    Size  Location     Type
		None
 Auto vars:     Size  Location     Type
		None
 Return value:  Size  Location     Type
                  1    wreg      void 
 Registers used:
		wreg, status,2, status,0, cstack
 Tracked objects:
		On entry : 
		On exit  : 
		Unchanged: 
 Data sizes:     COMRAM   BANK0   BANK1   BANK2   BANK3   BANK4   BANK5
      Params:         0       0       0       0       0       0       0
      Locals:         0       0       0       0       0       0       0
      Temps:          0       0       0       0       0       0       0
      Totals:         0       0       0       0       0       0       0
Total ram usage:        0 bytes
 Hardware stack levels used:    1
 Hardware stack levels required when called:    3
 This function calls:
		i1_LCD_cmd
		i1_delay_us
 This function is called by:
		_Lo_ISR
 This function uses a non-reentrant model


 *************** function _trans *****************
 Defined at:
		line 256 in file "main.c"
 Parameters:    Size  Location     Type
		None
 Auto vars:     Size  Location     Type
		None
 Return value:  Size  Location     Type
                  1    wreg      void 
 Registers used:
		wreg, fsr2l, fsr2h, status,2, status,0
 Tracked objects:
		On entry : 
		On exit  : 
		Unchanged: 
 Data sizes:     COMRAM   BANK0   BANK1   BANK2   BANK3   BANK4   BANK5
      Params:         0       0       0       0       0       0       0
      Locals:         0       0       0       0       0       0       0
      Temps:          0       0       0       0       0       0       0
      Totals:         0       0       0       0       0       0       0
Total ram usage:        0 bytes
 Hardware stack levels used:    1
 Hardware stack levels required when called:    1
 This function calls:
		Nothing
 This function is called by:
		_Lo_ISR
 This function uses a non-reentrant model


 *************** function _LCD_send *****************
 Defined at:
		line 246 in file "main.c"
 Parameters:    Size  Location     Type
  addr            1    wreg     const unsigned char 
  str             2    7[COMRAM] PTR const unsigned char 
		 -> str(16), 
 Auto vars:     Size  Location     Type
  addr            1    9[COMRAM] const unsigned char 
 Return value:  Size  Location     Type
                  1    wreg      void 
 Registers used:
		wreg, fsr2l, fsr2h, status,2, status,0, cstack
 Tracked objects:
		On entry : 
		On exit  : 
		Unchanged: 
 Data sizes:     COMRAM   BANK0   BANK1   BANK2   BANK3   BANK4   BANK5
      Params:         2       0       0       0       0       0       0
      Locals:         1       0       0       0       0       0       0
      Temps:          0       0       0       0       0       0       0
      Totals:         3       0       0       0       0       0       0
Total ram usage:        3 bytes
 Hardware stack levels used:    1
 Hardware stack levels required when called:    3
 This function calls:
		_LCD_data
		i1_LCD_cmd
 This function is called by:
		_Lo_ISR
 This function uses a non-reentrant model


 *************** function i1_LCD_cmd *****************
 Defined at:
		line 237 in file "main.c"
 Parameters:    Size  Location     Type
  value           1    wreg     unsigned char 
 Auto vars:     Size  Location     Type
  value           1    6[COMRAM] unsigned char 
 Return value:  Size  Location     Type
                  1    wreg      void 
 Registers used:
		wreg, status,2, status,0, cstack
 Tracked objects:
		On entry : 
		On exit  : 
		Unchanged: 
 Data sizes:     COMRAM   BANK0   BANK1   BANK2   BANK3   BANK4   BANK5
      Params:         0       0       0       0       0       0       0
      Locals:         1       0       0       0       0       0       0
      Temps:          0       0       0       0       0       0       0
      Totals:         1       0       0       0       0       0       0
Total ram usage:        1 bytes
 Hardware stack levels used:    1
 Hardware stack levels required when called:    2
 This function calls:
		i1_delay_us
 This function is called by:
		_LCD_send
		i1_LCD_init
 This function uses a non-reentrant model


 *************** function _LCD_data *****************
 Defined at:
		line 228 in file "main.c"
 Parameters:    Size  Location     Type
  value           1    wreg     unsigned char 
 Auto vars:     Size  Location     Type
  value           1    6[COMRAM] unsigned char 
 Return value:  Size  Location     Type
                  1    wreg      void 
 Registers used:
		wreg, status,2, status,0, cstack
 Tracked objects:
		On entry : 
		On exit  : 
		Unchanged: 
 Data sizes:     COMRAM   BANK0   BANK1   BANK2   BANK3   BANK4   BANK5
      Params:         0       0       0       0       0       0       0
      Locals:         1       0       0       0       0       0       0
      Temps:          0       0       0       0       0       0       0
      Totals:         1       0       0       0       0       0       0
Total ram usage:        1 bytes
 Hardware stack levels used:    1
 Hardware stack levels required when called:    2
 This function calls:
		i1_delay_us
 This function is called by:
		_LCD_send
 This function uses a non-reentrant model


 *************** function i1_delay_us *****************
 Defined at:
		line 208 in file "main.c"
 Parameters:    Size  Location     Type
  value           2    2[COMRAM] int 
 Auto vars:     Size  Location     Type
		None
 Return value:  Size  Location     Type
                  1    wreg      void 
 Registers used:
		wreg, status,2, status,0
 Tracked objects:
		On entry : 
		On exit  : 
		Unchanged: 
 Data sizes:     COMRAM   BANK0   BANK1   BANK2   BANK3   BANK4   BANK5
      Params:         2       0       0       0       0       0       0
      Locals:         0       0       0       0       0       0       0
      Temps:          2       0       0       0       0       0       0
      Totals:         4       0       0       0       0       0       0
Total ram usage:        4 bytes
 Hardware stack levels used:    1
 Hardware stack levels required when called:    1
 This function calls:
		Nothing
 This function is called by:
		_LCD_data
		i1_LCD_init
		i1_LCD_cmd
 This function uses a non-reentrant model


 *************** function _Hi_ISR *****************
 Defined at:
		line 116 in file "main.c"
 Parameters:    Size  Location     Type
		None
 Auto vars:     Size  Location     Type
		None
 Return value:  Size  Location     Type
                  1    wreg      void 
 Registers used:
		wreg, status,2, status,0
 Tracked objects:
		On entry : 
		On exit  : 
		Unchanged: 
 Data sizes:     COMRAM   BANK0   BANK1   BANK2   BANK3   BANK4   BANK5
      Params:         0       0       0       0       0       0       0
      Locals:         0       0       0       0       0       0       0
      Temps:          2       0       0       0       0       0       0
      Totals:         2       0       0       0       0       0       0
Total ram usage:        2 bytes
 Hardware stack levels used:    1
 This function calls:
		Nothing
 This function is called by:
		Interrupt level 2
 This function uses a non-reentrant model



MODULE INFORMATION

Module		Function		Class		Link	Load	Size
shared
		i1_LCD_cmd     		CODE           	0C7A	0000	26
		i1_LCD_init    		CODE           	0B40	0000	58
		__initialization		CODE           	0CAE	0000	12
		i1_delay_us    		CODE           	0C14	0000	44

shared estimated size: 140

main.c
		_init          		CODE           	0BB2	0000	54
		_Lo_ISR        		CODE           	0018	0000	252
		_trans         		CODE           	0118	0000	2142
		_delay_us      		CODE           	0BE8	0000	44
		_main          		CODE           	0976	0000	246
		_pwm           		CODE           	0C40	0000	32
		_LCD_init      		CODE           	0B06	0000	58
		_LCD_send      		CODE           	0B7A	0000	56
		_LCD_cmd       		CODE           	0C60	0000	26
		_LCD_data      		CODE           	0C94	0000	26
		_Hi_ISR        		CODE           	0008	0000	160

main.c estimated size: 3096

